******************************************************************************
                  MSP430 Linker PC v16.9.3                     
******************************************************************************
>> Linked Tue Dec 05 23:42:19 2017

OUTPUT FILE NAME:   <Speed_trap!.out>
ENTRY POINT SYMBOL: "_c_int00_noargs_noexit"  address: 0000cc00


MEMORY CONFIGURATION

         name            origin    length      used     unused   attr    fill
----------------------  --------  ---------  --------  --------  ----  --------
  SFR                   00000000   00000010  00000000  00000010  RWIX
  PERIPHERALS_8BIT      00000010   000000f0  00000000  000000f0  RWIX
  PERIPHERALS_16BIT     00000100   00000100  00000000  00000100  RWIX
  RAM                   00000200   00000200  00000098  00000168  RWIX
  INFOD                 00001000   00000040  00000000  00000040  RWIX
  INFOC                 00001040   00000040  00000000  00000040  RWIX
  INFOB                 00001080   00000040  00000000  00000040  RWIX
  INFOA                 000010c0   00000040  00000000  00000040  RWIX
  FLASH                 0000c000   00003fde  00000e07  000031d7  RWIX
  BSLSIGNATURE          0000ffde   00000002  00000002  00000000  RWIX  ffff 
  INT00                 0000ffe0   00000002  00000002  00000000  RWIX
  INT01                 0000ffe2   00000002  00000000  00000002  RWIX
  INT02                 0000ffe4   00000002  00000002  00000000  RWIX
  INT03                 0000ffe6   00000002  00000002  00000000  RWIX
  INT04                 0000ffe8   00000002  00000000  00000002  RWIX
  INT05                 0000ffea   00000002  00000002  00000000  RWIX
  INT06                 0000ffec   00000002  00000002  00000000  RWIX
  INT07                 0000ffee   00000002  00000002  00000000  RWIX
  INT08                 0000fff0   00000002  00000002  00000000  RWIX
  INT09                 0000fff2   00000002  00000002  00000000  RWIX
  INT10                 0000fff4   00000002  00000002  00000000  RWIX
  INT11                 0000fff6   00000002  00000002  00000000  RWIX
  INT12                 0000fff8   00000002  00000002  00000000  RWIX
  INT13                 0000fffa   00000002  00000002  00000000  RWIX
  INT14                 0000fffc   00000002  00000002  00000000  RWIX
  RESET                 0000fffe   00000002  00000002  00000000  RWIX


SECTION ALLOCATION MAP

 output                                  attributes/
section   page    origin      length       input sections
--------  ----  ----------  ----------   ----------------
.data      0    00000200    0000003a     UNINITIALIZED
                  00000200    00000010     hal_digio2.obj (.data:port1_isr_tbl)
                  00000210    00000010     hal_digio2.obj (.data:port2_isr_tbl)
                  00000220    00000010     utility.obj (.data)
                  00000230    00000004     utility.obj (.data:stage)
                  00000234    00000002     hal_int_rf_msp_exp430g2.obj (.data:gpio0)
                  00000236    00000002     hal_int_rf_msp_exp430g2.obj (.data:gpio2)
                  00000238    00000002     hal_int_rf_msp_exp430g2.obj (.data:gpio3)

.bss       0    0000023a    0000000e     UNINITIALIZED
                  0000023a    00000008     (.common:detection_time)
                  00000242    00000004     (.common:buf)
                  00000246    00000001     hal_board.obj (.bss)
                  00000247    00000001     (.common:packetSemaphore)

.stack     0    000003b0    00000050     UNINITIALIZED
                  000003b0    00000002     rts430_eabi.lib : boot.obj (.stack)
                  000003b2    0000004e     --HOLE--

.text      0    0000c000    00000d7c     
                  0000c000    000001ae     utility.obj (.text:readADC)
                  0000c1ae    00000106     utility.obj (.text:transmit)
                  0000c2b4    0000009c     rts430_eabi.lib : fs_div.obj (.text)
                  0000c350    0000007c                     : copy_decompress_lzss.obj (.text:decompress:lzss:__TI_decompress_lzss)
                  0000c3cc    00000074     hal_msp_exp430g2_spi.obj (.text:trxReadWriteBurstSingle)
                  0000c440    0000006e     rts430_eabi.lib : autoinit.obj (.text:_auto_init)
                  0000c4ae    0000006a     hal_digio2.obj (.text:port1_ISR)
                  0000c518    0000006a     hal_digio2.obj (.text:port2_ISR)
                  0000c582    0000006a     AnarenUtils.obj (.text:registerConfig)
                  0000c5ec    00000064     hal_digio2.obj (.text:halDigio2IntSetEdge)
                  0000c650    00000064     hal_int_rf_msp_exp430g2.obj (.text:trxIsrConnect)
                  0000c6b4    0000005c     rts430_eabi.lib : lsr32.obj (.text:l_lsr_const)
                  0000c710    0000005a                     : cpy_tbl.obj (.text:copy_in)
                  0000c76a    0000005a     AnarenUtils.obj (.text:createPacketULTIMATE)
                  0000c7c4    0000005a     main.obj (.text:main)
                  0000c81e    00000050     hal_int_rf_msp_exp430g2.obj (.text:trxClearIntFlag)
                  0000c86e    00000050     hal_int_rf_msp_exp430g2.obj (.text:trxEnableInt)
                  0000c8be    0000004e     hal_msp_exp430g2_spi.obj (.text:exp430RfSpiInit)
                  0000c90c    0000004c     hal_digio2.obj (.text:halDigio2IntConnect)
                  0000c958    0000004c     rts430_eabi.lib : lsr16.obj (.text)
                  0000c9a4    00000046                     : fs_tou.obj (.text)
                  0000c9ea    00000044     hal_msp_exp430g2_spi.obj (.text:trx8BitRegAccess)
                  0000ca2e    00000036     hal_digio2.obj (.text:halDigio2IntClear)
                  0000ca64    00000036     hal_digio2.obj (.text:halDigio2IntEnable)
                  0000ca9a    00000032     AnarenUtils.obj (.text:RadioInit)
                  0000cacc    00000032     rts430_eabi.lib : fs_ultof.obj (.text)
                  0000cafe    0000002c                     : lsl16.obj (.text)
                  0000cb2a    0000002c     hal_msp_exp430g2_spi.obj (.text:trxSpiCmdStrobe)
                  0000cb56    0000002a     AnarenUtils.obj (.text:addressConfig)
                  0000cb80    00000024     uart.obj (.text:USCI0RX_ISR)
                  0000cba4    00000024     rts430_eabi.lib : fs_utof.obj (.text)
                  0000cbc8    0000001c     hal_board.obj (.text:buttonPressedISR)
                  0000cbe4    0000001c     hal_board.obj (.text:halInitMCU)
                  0000cc00    0000001a     rts430_eabi.lib : boot_special.obj (.text:_c_int00_noargs_noexit)
                  0000cc1a    0000001a     hal_board.obj (.text:halButtonInit)
                  0000cc34    0000001a     hal_board.obj (.text:halButtonInterruptEnable)
                  0000cc4e    00000018     utility.obj (.text:ADC_init)
                  0000cc66    00000018     AnarenUtils.obj (.text:radioTx)
                  0000cc7e    00000014     hal_board.obj (.text:WDT_ISR)
                  0000cc92    00000014     rts430_eabi.lib : copy_zero_init.obj (.text:decompress:ZI:__TI_zero_init)
                  0000cca6    00000014                     : memset.obj (.text:memset)
                  0000ccba    00000014                     : mult16.obj (.text)
                  0000ccce    00000012     AnarenUtils.obj (.text:AnarenUtilsHALinit)
                  0000cce0    00000012     main.obj (.text:Timer0_A0)
                  0000ccf2    00000012     cc11xL_spi.obj (.text:cc11xLSpiWriteReg)
                  0000cd04    00000012     cc11xL_spi.obj (.text:cc11xLSpiWriteTxFifo)
                  0000cd16    00000012     rts430_eabi.lib : copy_decompress_none.obj (.text:decompress:none:__TI_decompress_none)
                  0000cd28    00000012                     : memcpy.obj (.text:memcpy)
                  0000cd3a    00000010                     : epilog.obj (.text)
                  0000cd4a    0000000e     hal_board.obj (.text:halLedInit)
                  0000cd58    0000000c     AnarenUtils.obj (.text:radioRxTxISR)
                  0000cd64    00000008     rts430_eabi.lib : isr_trap.obj (.text:_isr:__TI_ISR_TRAP)
                  0000cd6c    00000006                     : exit.obj (.text:abort)
                  0000cd72    00000004                     : pre_init.obj (.text:_system_pre_init)
                  0000cd76    00000002     main.obj (.text:ADC10_ISR)
                  0000cd78    00000002     rts430_eabi.lib : startup.obj (.text:_system_post_cinit)
                  0000cd7a    00000002     AnarenUtils.obj (.text:receivedDataCommand)

.binit     0    0000c000    00000000     

.const     0    0000cd7c    00000063     
                  0000cd7c    00000058     AnarenUtils.obj (.const:preferredSettings)
                  0000cdd4    00000008     AnarenUtils.obj (.const:.string:$P$T0$1)
                  0000cddc    00000002     utility.obj (.const)
                  0000cdde    00000001     AnarenUtils.obj (.const:.string:$P$T1$2)

.cinit     0    0000cde0    00000028     
                  0000cde0    00000015     (.cinit..data.load) [load image, compression = lzss]
                  0000cdf5    00000001     --HOLE-- [fill = 0]
                  0000cdf6    00000006     (__TI_handler_table)
                  0000cdfc    00000004     (.cinit..bss.load) [load image, compression = zero_init]
                  0000ce00    00000008     (__TI_cinit_table)

.init_array 
*          0    0000c000    00000000     UNINITIALIZED

TRAPINT    0    0000ffe0    00000002     
                  0000ffe0    00000002     rts430_eabi.lib : int00.obj (.int00)

PORT1      0    0000ffe4    00000002     
                  0000ffe4    00000002     hal_digio2.obj (.int02)

PORT2      0    0000ffe6    00000002     
                  0000ffe6    00000002     hal_digio2.obj (.int03)

$fill000   0    0000ffde    00000002     
                  0000ffde    00000002     --HOLE-- [fill = ffff]

ADC10      0    0000ffea    00000002     
                  0000ffea    00000002     main.obj (.int05)

USCIAB0TX 
*          0    0000ffec    00000002     
                  0000ffec    00000002     rts430_eabi.lib : int06.obj (.int06)

USCIAB0RX 
*          0    0000ffee    00000002     
                  0000ffee    00000002     uart.obj (.int07)

TIMER0_A1 
*          0    0000fff0    00000002     
                  0000fff0    00000002     rts430_eabi.lib : int08.obj (.int08)

TIMER0_A0 
*          0    0000fff2    00000002     
                  0000fff2    00000002     main.obj (.int09)

WDT        0    0000fff4    00000002     
                  0000fff4    00000002     hal_board.obj (.int10)

COMPARATORA 
*          0    0000fff6    00000002     
                  0000fff6    00000002     rts430_eabi.lib : int11.obj (.int11)

TIMER1_A1 
*          0    0000fff8    00000002     
                  0000fff8    00000002     rts430_eabi.lib : int12.obj (.int12)

TIMER1_A0 
*          0    0000fffa    00000002     
                  0000fffa    00000002     rts430_eabi.lib : int13.obj (.int13)

NMI        0    0000fffc    00000002     
                  0000fffc    00000002     rts430_eabi.lib : int14.obj (.int14)

.reset     0    0000fffe    00000002     
                  0000fffe    00000002     rts430_eabi.lib : boot.obj (.reset)

MODULE SUMMARY

       Module                        code   ro data   rw data
       ------                        ----   -------   -------
    .\
       utility.obj                   716    2         32     
       hal_digio2.obj                496    4         32     
       AnarenUtils.obj               344    97        1      
       hal_msp_exp430g2_spi.obj      306    0         0      
       hal_int_rf_msp_exp430g2.obj   260    0         6      
       hal_board.obj                 142    2         1      
       main.obj                      110    4         0      
       uart.obj                      36     2         0      
       cc11xL_spi.obj                36     0         0      
    +--+-----------------------------+------+---------+---------+
       Total:                        2446   111       72     
                                                             
    C:\ti\ccsv7\tools\compiler\ti-cgt-msp430_16.9.3.LTS\lib\rts430_eabi.lib
       fs_div.obj                    156    0         0      
       copy_decompress_lzss.obj      124    0         0      
       autoinit.obj                  110    0         0      
       lsr32.obj                     92     0         0      
       cpy_tbl.obj                   90     0         0      
       lsr16.obj                     76     0         0      
       fs_tou.obj                    70     0         0      
       fs_ultof.obj                  50     0         0      
       lsl16.obj                     44     0         0      
       fs_utof.obj                   36     0         0      
       boot_special.obj              26     0         0      
       copy_zero_init.obj            20     0         0      
       memset.obj                    20     0         0      
       mult16.obj                    20     0         0      
       copy_decompress_none.obj      18     0         0      
       memcpy.obj                    18     0         0      
       epilog.obj                    16     0         0      
       isr_trap.obj                  8      0         0      
       exit.obj                      6      0         0      
       pre_init.obj                  4      0         0      
       boot.obj                      0      2         0      
       int00.obj                     0      2         0      
       int06.obj                     0      2         0      
       int08.obj                     0      2         0      
       int11.obj                     0      2         0      
       int12.obj                     0      2         0      
       int13.obj                     0      2         0      
       int14.obj                     0      2         0      
       startup.obj                   2      0         0      
    +--+-----------------------------+------+---------+---------+
       Total:                        1006   16        0      
                                                             
       Stack:                        0      0         80     
       Linker Generated:             0      39        0      
    +--+-----------------------------+------+---------+---------+
       Grand Total:                  3452   166       152    


LINKER GENERATED COPY TABLES

__TI_cinit_table @ 0000ce00 records: 2, size/record: 4, table size: 8
	.data: load addr=0000cde0, load size=00000015 bytes, run addr=00000200, run size=0000003a bytes, compression=lzss
	.bss: load addr=0000cdfc, load size=00000004 bytes, run addr=0000023a, run size=0000000e bytes, compression=zero_init


LINKER GENERATED HANDLER TABLE

__TI_handler_table @ 0000cdf6 records: 3, size/record: 2, table size: 6
	index: 0, handler: __TI_zero_init
	index: 1, handler: __TI_decompress_lzss
	index: 2, handler: __TI_decompress_none


GLOBAL SYMBOLS: SORTED ALPHABETICALLY BY Name 

address   name                    
-------   ----                    
0000004a  ADC10AE0                
000001b0  ADC10CTL0               
000001b2  ADC10CTL1               
00000048  ADC10DTC0               
00000049  ADC10DTC1               
000001b4  ADC10MEM                
000001bc  ADC10SA                 
0000cd76  ADC10_ISR               
0000cc4e  ADC_init                
0000ccce  AnarenUtilsHALinit      
00000057  BCSCTL1                 
00000058  BCSCTL2                 
00000053  BCSCTL3                 
0000cd6c  C$$EXIT                 
00000059  CACTL1                  
0000005a  CACTL2                  
000010fb  CALBC1_12MHZ            
000010f9  CALBC1_16MHZ            
000010ff  CALBC1_1MHZ             
000010fd  CALBC1_8MHZ             
000010fa  CALDCO_12MHZ            
000010f8  CALDCO_16MHZ            
000010fe  CALDCO_1MHZ             
000010fc  CALDCO_8MHZ             
0000005b  CAPD                    
00000056  DCOCTL                  
00000128  FCTL1                   
0000012a  FCTL2                   
0000012c  FCTL3                   
00000000  IE1                     
00000001  IE2                     
00000002  IFG1                    
00000003  IFG2                    
00000022  P1DIR                   
00000025  P1IE                    
00000024  P1IES                   
00000023  P1IFG                   
00000020  P1IN                    
00000021  P1OUT                   
00000027  P1REN                   
00000026  P1SEL                   
00000041  P1SEL2                  
0000002a  P2DIR                   
0000002d  P2IE                    
0000002c  P2IES                   
0000002b  P2IFG                   
00000028  P2IN                    
00000029  P2OUT                   
0000002f  P2REN                   
0000002e  P2SEL                   
00000042  P2SEL2                  
0000001a  P3DIR                   
00000018  P3IN                    
00000019  P3OUT                   
00000010  P3REN                   
0000001b  P3SEL                   
00000043  P3SEL2                  
0000ca9a  RadioInit               
00000172  TA0CCR0                 
00000174  TA0CCR1                 
00000176  TA0CCR2                 
00000162  TA0CCTL0                
00000164  TA0CCTL1                
00000166  TA0CCTL2                
00000160  TA0CTL                  
0000012e  TA0IV                   
00000170  TA0R                    
00000192  TA1CCR0                 
00000194  TA1CCR1                 
00000196  TA1CCR2                 
00000182  TA1CCTL0                
00000184  TA1CCTL1                
00000186  TA1CCTL2                
00000180  TA1CTL                  
0000011e  TA1IV                   
00000190  TA1R                    
000010db  TLV_ADC10_1_LEN         
000010da  TLV_ADC10_1_TAG         
000010c0  TLV_CHECKSUM            
000010f7  TLV_DCO_30_LEN          
000010f6  TLV_DCO_30_TAG          
0000cce0  Timer0_A0               
0000005d  UCA0ABCTL               
00000062  UCA0BR0                 
00000063  UCA0BR1                 
00000060  UCA0CTL0                
00000061  UCA0CTL1                
0000005f  UCA0IRRCTL              
0000005e  UCA0IRTCTL              
00000064  UCA0MCTL                
00000066  UCA0RXBUF               
00000065  UCA0STAT                
00000067  UCA0TXBUF               
0000006a  UCB0BR0                 
0000006b  UCB0BR1                 
00000068  UCB0CTL0                
00000069  UCB0CTL1                
0000006c  UCB0I2CIE               
00000118  UCB0I2COA               
0000011a  UCB0I2CSA               
0000006e  UCB0RXBUF               
0000006d  UCB0STAT                
0000006f  UCB0TXBUF               
0000cb80  USCI0RX_ISR             
00000120  WDTCTL                  
0000cc7e  WDT_ISR                 
00000400  __STACK_END             
00000050  __STACK_SIZE            
UNDEFED   __TI_BINIT_Base         
UNDEFED   __TI_BINIT_Limit        
0000ce00  __TI_CINIT_Base         
0000ce08  __TI_CINIT_Limit        
0000cdf6  __TI_Handler_Table_Base 
0000cdfc  __TI_Handler_Table_Limit
UNDEFED   __TI_INITARRAY_Base     
UNDEFED   __TI_INITARRAY_Limit    
0000cd64  __TI_ISR_TRAP           
0000c350  __TI_decompress_lzss    
0000cd16  __TI_decompress_none    
0000ffe0  __TI_int00              
0000ffe4  __TI_int02              
0000ffe6  __TI_int03              
0000ffea  __TI_int05              
0000ffec  __TI_int06              
0000ffee  __TI_int07              
0000fff0  __TI_int08              
0000fff2  __TI_int09              
0000fff4  __TI_int10              
0000fff6  __TI_int11              
0000fff8  __TI_int12              
0000fffa  __TI_int13              
0000fffc  __TI_int14              
ffffffff  __TI_pprof_out_hndl     
ffffffff  __TI_prof_data_size     
ffffffff  __TI_prof_data_start    
0000cc92  __TI_zero_init          
ffffffff  __c_args__              
0000c2b4  __mspabi_divf           
0000c9a4  __mspabi_fixfu          
0000cba4  __mspabi_fltuf          
0000cacc  __mspabi_fltulf         
0000cd46  __mspabi_func_epilog_1  
0000cd44  __mspabi_func_epilog_2  
0000cd42  __mspabi_func_epilog_3  
0000cd40  __mspabi_func_epilog_4  
0000cd3e  __mspabi_func_epilog_5  
0000cd3c  __mspabi_func_epilog_6  
0000cd3a  __mspabi_func_epilog_7  
0000ccba  __mspabi_mpyi           
0000ccba  __mspabi_mpyi_sw        
0000cafe  __mspabi_slli           
0000cb26  __mspabi_slli_1         
0000cb14  __mspabi_slli_10        
0000cb12  __mspabi_slli_11        
0000cb10  __mspabi_slli_12        
0000cb0e  __mspabi_slli_13        
0000cb0c  __mspabi_slli_14        
0000cb0a  __mspabi_slli_15        
0000cb24  __mspabi_slli_2         
0000cb22  __mspabi_slli_3         
0000cb20  __mspabi_slli_4         
0000cb1e  __mspabi_slli_5         
0000cb1c  __mspabi_slli_6         
0000cb1a  __mspabi_slli_7         
0000cb18  __mspabi_slli_8         
0000cb16  __mspabi_slli_9         
0000c958  __mspabi_srli           
0000c99e  __mspabi_srli_1         
0000c97a  __mspabi_srli_10        
0000c976  __mspabi_srli_11        
0000c972  __mspabi_srli_12        
0000c96e  __mspabi_srli_13        
0000c96a  __mspabi_srli_14        
0000c966  __mspabi_srli_15        
0000c99a  __mspabi_srli_2         
0000c996  __mspabi_srli_3         
0000c992  __mspabi_srli_4         
0000c98e  __mspabi_srli_5         
0000c98a  __mspabi_srli_6         
0000c986  __mspabi_srli_7         
0000c982  __mspabi_srli_8         
0000c97e  __mspabi_srli_9         
0000c708  __mspabi_srll_1         
0000c6d2  __mspabi_srll_10        
0000c6cc  __mspabi_srll_11        
0000c6c6  __mspabi_srll_12        
0000c6c0  __mspabi_srll_13        
0000c6ba  __mspabi_srll_14        
0000c6b4  __mspabi_srll_15        
0000c702  __mspabi_srll_2         
0000c6fc  __mspabi_srll_3         
0000c6f6  __mspabi_srll_4         
0000c6f0  __mspabi_srll_5         
0000c6ea  __mspabi_srll_6         
0000c6e4  __mspabi_srll_7         
0000c6de  __mspabi_srll_8         
0000c6d8  __mspabi_srll_9         
0000c440  _auto_init              
0000cc00  _c_int00_noargs_noexit  
0000fffe  _reset_vector           
000003b0  _stack                  
0000cd78  _system_post_cinit      
0000cd72  _system_pre_init        
0000cd6c  abort                   
00000242  buf                     
0000ccf2  cc11xLSpiWriteReg       
0000cd04  cc11xLSpiWriteTxFifo    
0000c710  copy_in                 
0000c76a  createPacketULTIMATE    
0000023a  detection_time          
0000c8be  exp430RfSpiInit         
00000224  flag                    
0000022c  gate_triggered          
00000234  gpio0                   
00000236  gpio2                   
00000238  gpio3                   
0000cc1a  halButtonInit           
0000cc34  halButtonInterruptEnable
0000ca2e  halDigio2IntClear       
0000c90c  halDigio2IntConnect     
0000ca64  halDigio2IntEnable      
0000c5ec  halDigio2IntSetEdge     
0000cbe4  halInitMCU              
0000cd4a  halLedInit              
00000222  i                       
0000c7c4  main                    
0000cd28  memcpy                  
0000cca6  memset                  
00000247  packetSemaphore         
0000c4ae  port1_ISR               
0000c518  port2_ISR               
0000cd58  radioRxTxISR            
0000cc66  radioTx                 
0000c000  readADC                 
0000cd7a  receivedDataCommand     
0000cddc  sensor_distance         
0000022e  speed                   
00000230  stage                   
00000226  threshold               
00000228  time                    
0000c1ae  transmit                
0000c9ea  trx8BitRegAccess        
0000c81e  trxClearIntFlag         
0000c86e  trxEnableInt            
0000c650  trxIsrConnect           
0000cb2a  trxSpiCmdStrobe         
00000220  value                   


GLOBAL SYMBOLS: SORTED BY Symbol Address 

address   name                    
-------   ----                    
00000000  IE1                     
00000001  IE2                     
00000002  IFG1                    
00000003  IFG2                    
00000010  P3REN                   
00000018  P3IN                    
00000019  P3OUT                   
0000001a  P3DIR                   
0000001b  P3SEL                   
00000020  P1IN                    
00000021  P1OUT                   
00000022  P1DIR                   
00000023  P1IFG                   
00000024  P1IES                   
00000025  P1IE                    
00000026  P1SEL                   
00000027  P1REN                   
00000028  P2IN                    
00000029  P2OUT                   
0000002a  P2DIR                   
0000002b  P2IFG                   
0000002c  P2IES                   
0000002d  P2IE                    
0000002e  P2SEL                   
0000002f  P2REN                   
00000041  P1SEL2                  
00000042  P2SEL2                  
00000043  P3SEL2                  
00000048  ADC10DTC0               
00000049  ADC10DTC1               
0000004a  ADC10AE0                
00000050  __STACK_SIZE            
00000053  BCSCTL3                 
00000056  DCOCTL                  
00000057  BCSCTL1                 
00000058  BCSCTL2                 
00000059  CACTL1                  
0000005a  CACTL2                  
0000005b  CAPD                    
0000005d  UCA0ABCTL               
0000005e  UCA0IRTCTL              
0000005f  UCA0IRRCTL              
00000060  UCA0CTL0                
00000061  UCA0CTL1                
00000062  UCA0BR0                 
00000063  UCA0BR1                 
00000064  UCA0MCTL                
00000065  UCA0STAT                
00000066  UCA0RXBUF               
00000067  UCA0TXBUF               
00000068  UCB0CTL0                
00000069  UCB0CTL1                
0000006a  UCB0BR0                 
0000006b  UCB0BR1                 
0000006c  UCB0I2CIE               
0000006d  UCB0STAT                
0000006e  UCB0RXBUF               
0000006f  UCB0TXBUF               
00000118  UCB0I2COA               
0000011a  UCB0I2CSA               
0000011e  TA1IV                   
00000120  WDTCTL                  
00000128  FCTL1                   
0000012a  FCTL2                   
0000012c  FCTL3                   
0000012e  TA0IV                   
00000160  TA0CTL                  
00000162  TA0CCTL0                
00000164  TA0CCTL1                
00000166  TA0CCTL2                
00000170  TA0R                    
00000172  TA0CCR0                 
00000174  TA0CCR1                 
00000176  TA0CCR2                 
00000180  TA1CTL                  
00000182  TA1CCTL0                
00000184  TA1CCTL1                
00000186  TA1CCTL2                
00000190  TA1R                    
00000192  TA1CCR0                 
00000194  TA1CCR1                 
00000196  TA1CCR2                 
000001b0  ADC10CTL0               
000001b2  ADC10CTL1               
000001b4  ADC10MEM                
000001bc  ADC10SA                 
00000220  value                   
00000222  i                       
00000224  flag                    
00000226  threshold               
00000228  time                    
0000022c  gate_triggered          
0000022e  speed                   
00000230  stage                   
00000234  gpio0                   
00000236  gpio2                   
00000238  gpio3                   
0000023a  detection_time          
00000242  buf                     
00000247  packetSemaphore         
000003b0  _stack                  
00000400  __STACK_END             
000010c0  TLV_CHECKSUM            
000010da  TLV_ADC10_1_TAG         
000010db  TLV_ADC10_1_LEN         
000010f6  TLV_DCO_30_TAG          
000010f7  TLV_DCO_30_LEN          
000010f8  CALDCO_16MHZ            
000010f9  CALBC1_16MHZ            
000010fa  CALDCO_12MHZ            
000010fb  CALBC1_12MHZ            
000010fc  CALDCO_8MHZ             
000010fd  CALBC1_8MHZ             
000010fe  CALDCO_1MHZ             
000010ff  CALBC1_1MHZ             
0000c000  readADC                 
0000c1ae  transmit                
0000c2b4  __mspabi_divf           
0000c350  __TI_decompress_lzss    
0000c440  _auto_init              
0000c4ae  port1_ISR               
0000c518  port2_ISR               
0000c5ec  halDigio2IntSetEdge     
0000c650  trxIsrConnect           
0000c6b4  __mspabi_srll_15        
0000c6ba  __mspabi_srll_14        
0000c6c0  __mspabi_srll_13        
0000c6c6  __mspabi_srll_12        
0000c6cc  __mspabi_srll_11        
0000c6d2  __mspabi_srll_10        
0000c6d8  __mspabi_srll_9         
0000c6de  __mspabi_srll_8         
0000c6e4  __mspabi_srll_7         
0000c6ea  __mspabi_srll_6         
0000c6f0  __mspabi_srll_5         
0000c6f6  __mspabi_srll_4         
0000c6fc  __mspabi_srll_3         
0000c702  __mspabi_srll_2         
0000c708  __mspabi_srll_1         
0000c710  copy_in                 
0000c76a  createPacketULTIMATE    
0000c7c4  main                    
0000c81e  trxClearIntFlag         
0000c86e  trxEnableInt            
0000c8be  exp430RfSpiInit         
0000c90c  halDigio2IntConnect     
0000c958  __mspabi_srli           
0000c966  __mspabi_srli_15        
0000c96a  __mspabi_srli_14        
0000c96e  __mspabi_srli_13        
0000c972  __mspabi_srli_12        
0000c976  __mspabi_srli_11        
0000c97a  __mspabi_srli_10        
0000c97e  __mspabi_srli_9         
0000c982  __mspabi_srli_8         
0000c986  __mspabi_srli_7         
0000c98a  __mspabi_srli_6         
0000c98e  __mspabi_srli_5         
0000c992  __mspabi_srli_4         
0000c996  __mspabi_srli_3         
0000c99a  __mspabi_srli_2         
0000c99e  __mspabi_srli_1         
0000c9a4  __mspabi_fixfu          
0000c9ea  trx8BitRegAccess        
0000ca2e  halDigio2IntClear       
0000ca64  halDigio2IntEnable      
0000ca9a  RadioInit               
0000cacc  __mspabi_fltulf         
0000cafe  __mspabi_slli           
0000cb0a  __mspabi_slli_15        
0000cb0c  __mspabi_slli_14        
0000cb0e  __mspabi_slli_13        
0000cb10  __mspabi_slli_12        
0000cb12  __mspabi_slli_11        
0000cb14  __mspabi_slli_10        
0000cb16  __mspabi_slli_9         
0000cb18  __mspabi_slli_8         
0000cb1a  __mspabi_slli_7         
0000cb1c  __mspabi_slli_6         
0000cb1e  __mspabi_slli_5         
0000cb20  __mspabi_slli_4         
0000cb22  __mspabi_slli_3         
0000cb24  __mspabi_slli_2         
0000cb26  __mspabi_slli_1         
0000cb2a  trxSpiCmdStrobe         
0000cb80  USCI0RX_ISR             
0000cba4  __mspabi_fltuf          
0000cbe4  halInitMCU              
0000cc00  _c_int00_noargs_noexit  
0000cc1a  halButtonInit           
0000cc34  halButtonInterruptEnable
0000cc4e  ADC_init                
0000cc66  radioTx                 
0000cc7e  WDT_ISR                 
0000cc92  __TI_zero_init          
0000cca6  memset                  
0000ccba  __mspabi_mpyi           
0000ccba  __mspabi_mpyi_sw        
0000ccce  AnarenUtilsHALinit      
0000cce0  Timer0_A0               
0000ccf2  cc11xLSpiWriteReg       
0000cd04  cc11xLSpiWriteTxFifo    
0000cd16  __TI_decompress_none    
0000cd28  memcpy                  
0000cd3a  __mspabi_func_epilog_7  
0000cd3c  __mspabi_func_epilog_6  
0000cd3e  __mspabi_func_epilog_5  
0000cd40  __mspabi_func_epilog_4  
0000cd42  __mspabi_func_epilog_3  
0000cd44  __mspabi_func_epilog_2  
0000cd46  __mspabi_func_epilog_1  
0000cd4a  halLedInit              
0000cd58  radioRxTxISR            
0000cd64  __TI_ISR_TRAP           
0000cd6c  C$$EXIT                 
0000cd6c  abort                   
0000cd72  _system_pre_init        
0000cd76  ADC10_ISR               
0000cd78  _system_post_cinit      
0000cd7a  receivedDataCommand     
0000cddc  sensor_distance         
0000cdf6  __TI_Handler_Table_Base 
0000cdfc  __TI_Handler_Table_Limit
0000ce00  __TI_CINIT_Base         
0000ce08  __TI_CINIT_Limit        
0000ffe0  __TI_int00              
0000ffe4  __TI_int02              
0000ffe6  __TI_int03              
0000ffea  __TI_int05              
0000ffec  __TI_int06              
0000ffee  __TI_int07              
0000fff0  __TI_int08              
0000fff2  __TI_int09              
0000fff4  __TI_int10              
0000fff6  __TI_int11              
0000fff8  __TI_int12              
0000fffa  __TI_int13              
0000fffc  __TI_int14              
0000fffe  _reset_vector           
ffffffff  __TI_pprof_out_hndl     
ffffffff  __TI_prof_data_size     
ffffffff  __TI_prof_data_start    
ffffffff  __c_args__              
UNDEFED   __TI_BINIT_Base         
UNDEFED   __TI_BINIT_Limit        
UNDEFED   __TI_INITARRAY_Base     
UNDEFED   __TI_INITARRAY_Limit    

[247 symbols]
